// Jest Snapshot v1, https://goo.gl/fbAQLP

exports[`DashboardLayout matches snapshot 1`] = `
<DocumentFragment>
  <div
    class="MuiBox-root css-5pl8f4"
  >
    <main
      class="MuiBox-root css-1nm38x2"
    >
      <div
        class="MuiContainer-root css-ur2jdm-MuiContainer-root"
      >
        <b
          id="children"
        >
          Text
        </b>
      </div>
    </main>
  </div>
</DocumentFragment>
`;
